08-24 21:15:11.974  1306  1634 V WindowManager: Sent Transition #559 createdAt=08-24 21:15:11.850 via request=TransitionRequestInfo { type = 1, triggerTask = TaskInfo{userId=0 taskId=584 displayId=0 isRunning=true baseIntent=Intent { flg=0x10000000 cmp=com.qwas.test/android.app.NativeActivity } baseActivity=ComponentInfo{com.qwas.test/android.app.NativeActivity} topActivity=ComponentInfo{com.qwas.test/android.app.NativeActivity} origActivity=null realActivity=ComponentInfo{com.qwas.test/android.app.NativeActivity} numActivities=1 lastActiveTime=31839086 supportsMultiWindow=true resizeMode=1 isResizeable=true minWidth=-1 minHeight=-1 defaultMinSize=220 token=WCT{RemoteToken{97f2759 Task{e8d03ed #584 type=standard A=10290:com.qwas.test}}} topActivityType=1 pictureInPictureParams=null shouldDockBigOverlays=false launchIntoPipHostTaskId=-1 lastParentTaskIdBeforePip=-1 displayCutoutSafeInsets=Rect(0, 78 - 0, 0) topActivityInfo=ActivityInfo{f70f1e android.app.NativeActivity} launchCookies=[] positionInParent=Point(0, 0) parentTaskId=-1 isFocused=false isVisible=false isVisibleRequested=false isSleeping=false topActivityInSizeCompat=false topActivityEligibleForLetterboxEducation= false isLetterboxDoubleTapEnabled= false topActivityEligibleForUserAspectRatioButton= false topActivityBoundsLetterboxed= false isFromLetterboxDoubleTap= false topActivityLetterboxVerticalPosition= -1 topActivityLetterboxHorizontalPosition= -1 topActivityLetterboxWidth=-1 topActivityLetterboxHeight=-1 isUserFullscreenOverrideEnabled=false isTopActivityTransparent=false locusId=null displayAreaFeatureId=1 cameraCompatControlState=hidden}, remoteTransition = null, displayChange = null, flags = 0 }
08-24 21:15:11.974  1306  1634 V WindowManager:     info={id=559 t=OPEN f=0x0 trk=0 r=[0@Point(0, 0)] c=[{WCT{RemoteToken{97f2759 Task{e8d03ed #584 type=standard A=10290:com.qwas.test}}} m=OPEN f=NONE leash=Surface(name=Task=584)/@0xd43c25d sb=Rect(0, 0 - 1080, 2340) eb=Rect(0, 0 - 1080, 2340) d=0},{WCT{RemoteToken{54a2e78 Task{2667cd1 #1 type=home}}} m=TO_BACK f=SHOW_WALLPAPER leash=Surface(name=Task=1)/@0x9766efd sb=Rect(0, 0 - 1080, 2340) eb=Rect(0, 0 - 1080, 2340) d=0}]}
08-24 21:15:11.985 32008 32008 I com.qwas.test: Late-enabling -Xcheck:jni
08-24 21:15:12.039 32008 32008 I com.qwas.test: Using CollectorTypeCC GC.
08-24 21:15:12.141 31850 31850 I Finsky  : [2] AIM: AppInfoCacheUpdater -> invalidating apps: [com.qwas.test]
08-24 21:15:12.183 31850 31933 I Finsky  : [1649] AIM: AppInfoManager-Perf > OnDeviceAppInfo > cacheHitCount=0, cacheMissCount=1. Missed  in cache (limit 10) : [com.qwas.test]
08-24 21:15:12.192 32008 32008 D nativeloader: Configuring clns-4 for other apk . target_sdk_version=36, uses_libraries=, library_path=/data/app/~~SN8ZQvLN1Q_Tq6xWfkbrnQ==/com.qwas.test-NI9JnV0usd2fTYqBBU-0OQ==/lib/arm64:/data/app/~~SN8ZQvLN1Q_Tq6xWfkbrnQ==/com.qwas.test-NI9JnV0usd2fTYqBBU-0OQ==/base.apk!/lib/arm64-v8a, permitted_path=/data:/mnt/expand:/data/user/0/com.qwas.test
08-24 21:15:12.225 32008 32008 V GraphicsEnvironment: ANGLE GameManagerService for com.qwas.test: false
08-24 21:15:12.225 32008 32008 V GraphicsEnvironment: com.qwas.test is not listed in per-application setting
08-24 21:15:12.230  3086 11860 I ProximityAuth: [RecentAppsMediator] Package added: (user=UserHandle{0}) com.qwas.test
08-24 21:15:12.292 31850 31850 I Finsky  : [2] AIM: AppInfoCacheUpdater -> invalidating apps: [com.qwas.test]
08-24 21:15:12.296 31850 31933 I Finsky  : [1649] AIM: AppInfoManager-Perf > OnDeviceAppInfo > cacheHitCount=0, cacheMissCount=1. Missed  in cache (limit 10) : [com.qwas.test]
08-24 21:15:12.434 32008 11887 D main    : Start: 0xb400006fc9a91f10
08-24 21:15:12.434 32008 11888 D vulkan  : searching for layers in '/data/app/~~SN8ZQvLN1Q_Tq6xWfkbrnQ==/com.qwas.test-NI9JnV0usd2fTYqBBU-0OQ==/lib/arm64'
08-24 21:15:12.474 32008 11888 D vulkan  : added global layer 'VK_LAYER_KHRONOS_validation' from library '/data/app/~~SN8ZQvLN1Q_Tq6xWfkbrnQ==/com.qwas.test-NI9JnV0usd2fTYqBBU-0OQ==/lib/arm64/libVkLayer_khronos_validation.so'
08-24 21:15:12.477 32008 11888 D vulkan  : searching for layers in '/data/app/~~SN8ZQvLN1Q_Tq6xWfkbrnQ==/com.qwas.test-NI9JnV0usd2fTYqBBU-0OQ==/base.apk!/lib/arm64-v8a'
08-24 21:15:12.478 32008 11887 D main    : pbMain()
08-24 21:15:12.482  1487 11518 W SQLiteLog: (28) double-quoted string literal: "com.qwas.test"
08-24 21:15:12.529 32008 11887 D main    : Using physical device Turnip Adreno (TM) 610
08-24 21:15:12.529 32008 11887 D main    : activityState=10
08-24 21:15:12.530 32008 11887 D main    : Unknown app cmd: 10
08-24 21:15:12.542 32008 11887 D main    : Resume: 0xb400006fc9a91f10
08-24 21:15:12.542 32008 11887 D main    : activityState=11
08-24 21:15:12.542 32008 11887 D main    : Unknown app cmd: 11
08-24 21:15:12.562 32008 11887 D main    : InputQueueCreated: 0xb400006fc9a91f10 -- 0xb4000070d9aa1d10
08-24 21:15:12.563 32008 11887 D main    : APP_CMD_INPUT_CHANGED
08-24 21:15:12.563 32008 11887 D main    : Attaching input queue to looperUnknown app cmd: 0
08-24 21:15:12.574  1306  4644 D CoreBackPreview: Window{9648d10 u0 com.qwas.test/android.app.NativeActivity}: Setting back callback OnBackInvokedCallbackInfo{mCallback=android.window.IOnBackInvokedCallback$Stub$Proxy@a9cc11a, mPriority=0, mIsAnimationCallback=false}
08-24 21:15:12.610 32008 11887 D main    : NativeWindowCreated: 0xb400006fc9a91f10 -- 0xb4000070b9aa60a0
08-24 21:15:12.610 32008 11887 D main    : APP_CMD_INIT_WINDOW
08-24 21:15:12.610 32008 11887 D main    : App cmd APP_CMD_INIT_WINDOW
08-24 21:15:12.620 32008 11887 D main    : onNativeWindowRedrawNeeded: 0xb400006fc9a91f10 -- 0xb4000070b9aa60a0
08-24 21:15:12.628  1306  1634 W ziparchive: Unable to open '/data/app/~~SN8ZQvLN1Q_Tq6xWfkbrnQ==/com.qwas.test-NI9JnV0usd2fTYqBBU-0OQ==/base.dm': No such file or directory
08-24 21:15:12.637  1306  1634 I ActivityTaskManager: Displayed com.qwas.test/android.app.NativeActivity for user 0: +796ms
08-24 21:15:12.652  1306  2594 W InputManager-JNI: Input channel object '42f1e9 Splash Screen com.qwas.test (client)' was disposed without first being removed with the input manager!
08-24 21:15:12.668 32008 11887 D main    : WindowFocusChanged: 0xb400006fc9a91f10 -- 1
08-24 21:15:12.675  1306  2594 I ImeTracker: com.qwas.test:76cd14c6: onRequestHide at ORIGIN_SERVER_HIDE_INPUT reason HIDE_UNSPECIFIED_WINDOW
08-24 21:15:12.675  1306  2594 I ImeTracker: com.qwas.test:76cd14c6: onCancelled at PHASE_SERVER_SHOULD_HIDE
08-24 21:15:12.688  3651  3651 I GoogleInputMethodService: GoogleInputMethodService.onStartInput():1315 onStartInput(EditorInfo{EditorInfo{packageName=com.qwas.test, inputType=0, inputTypeString=NULL, enableLearning=false, autoCorrection=false, autoComplete=false, imeOptions=0, privateImeOptions=null, actionName=UNSPECIFIED, actionLabel=null, initialSelStart=-1, initialSelEnd=-1, initialCapsMode=0, label=null, fieldId=0, fieldName=null, extras=null, hintText=null, hintLocales=[]}}, false)
08-24 21:15:12.696  1306  4626 W PackageConfigPersister: App-specific configuration not found for packageName: com.qwas.test and userId: 0
08-24 21:15:12.711  3694 11926 I AiAiEcho: AppIndexer Package:[com.qwas.test] UserProfile:[0] Enabled:[true].
08-24 21:15:12.711  3694 11926 I AiAiEcho: AppFetcherImplV2 updateApps package:[com.qwas.test], userId:[0], reason:[package is updated.].
08-24 21:15:12.740 32008 11887 D main    : App cmd APP_CMD_GAINED_FOCUS
              gtgtgtgtgt08-24 21:15:22.649  1487 11532 W GetGamesServiceReqFacto: Parsing request with ignored arguments. signInOptionsBundle [Bundle[{com.google.android.gms.signin.internal.serverClientId=null, com.google.android.gms.signin.internal.usePromptModeForAuthCode=true, com.google.android.gms.signin.internal.logSessionId=null, com.google.android.gms.signin.internal.hostedDomain=null, com.google.android.gms.signin.internal.offlineAccessRequested=false, com.google.android.gms.signin.internal.waitForAccessTokenRefresh=false, com.google.android.gms.signin.internal.clientRequestedAccount=Account {name=<<default account>>, type=com.google}, com.google.android.gms.signin.internal.idTokenRequested=false, com.google.android.gms.signin.internal.forceCodeForRefreshToken=false}]], isRetryingSignIn [false], skipWelcomePopup [false], requireGooglePlus [false]
08-24 21:15:23.374  3086 12015 I NearbySharing: Failed to log test code 11, due to clearcutLogger is null.
08-24 21:15:23.376  3086 12015 I NearbySharing: Failed to log test code 22, due to clearcutLogger is null.
08-24 21:15:23.433 32008 11887 D main    : Unknown event
08-24 21:15:23.834 32008 11887 D main    : Unknown event
08-24 21:15:23.875 32008 11887 D main    : Unknown event
08-24 21:15:23.933 32008 11887 D main    : Unknown event
08-24 21:15:23.974 32008 11887 D main    : Unknown event
08-24 21:15:24.032 32008 11887 D main    : Unknown event
08-24 21:15:24.083 32008 11887 D main    : Unknown event
08-24 21:15:24.132 32008 11887 D main    : Unknown event
08-24 21:15:24.183 32008 11887 D main    : Unknown event
08-24 21:15:24.233 32008 11887 D main    : Unknown event
08-24 21:15:24.283 32008 11887 D main    : Unknown event
08-24 21:15:24.337 32008 11887 D main    : Unknown event
08-24 21:15:24.387 32008 11887 D main    : Unknown event
08-24 21:15:24.435 32008 11887 D main    : Unknown event
08-24 21:15:24.485 32008 11887 D main    : Unknown event
08-24 21:15:24.530 32008 11887 D main    : Unknown event
08-24 21:15:24.585 32008 11887 D main    : Unknown event
08-24 21:15:24.636 32008 11887 D main    : Unknown event
08-24 21:15:24.687 32008 11887 D main    : Unknown event
08-24 21:15:24.737 32008 11887 D main    : Unknown event
08-24 21:15:24.789 32008 11887 D main    : Unknown event
08-24 21:15:24.840 32008 11887 D main    : Unknown event
08-24 21:15:24.889 32008 11887 D main    : Unknown event
08-24 21:15:24.939 32008 11887 D main    : Unknown event
08-24 21:15:24.988 32008 11887 D main    : Unknown event
08-24 21:15:25.040 32008 11887 D main    : Unknown event
08-24 21:15:25.089 32008 11887 D main    : Unknown event
08-24 21:15:25.142 32008 11887 D main    : Unknown event
08-24 21:15:25.192 32008 11887 D main    : Unknown event
08-24 21:15:25.244 32008 11887 D main    : Unknown event
08-24 21:15:25.294 32008 11887 D main    : Unknown event
08-24 21:15:25.344 32008 11887 D main    : Unknown event
08-24 21:15:25.393 32008 11887 D main    : Unknown event
08-24 21:15:25.443 32008 11887 D main    : Unknown event
08-24 21:15:25.502 32008 11887 D main    : Unknown event
08-24 21:15:25.545 32008 11887 D main    : Unknown event
h08-24 21:15:25.603 32008 11887 D main    : Unknown event
y08-24 21:15:25.654 32008 11887 D main    : Unknown event
08-24 21:15:25.700 32008 11887 D main    : Unknown event
h08-24 21:15:25.751 32008 11887 D main    : Unknown event
08-24 21:15:25.806 32008 11887 D main    : Unknown event
y08-24 21:15:25.855 32008 11887 D main    : Unknown event
08-24 21:15:25.906 32008 11887 D main    : Unknown event
h08-24 21:15:25.957 32008 11887 D main    : Unknown event
08-24 21:15:26.006 32008 11887 D main    : Unknown event
08-24 21:15:26.057 32008 11887 D main    : Unknown event
08-24 21:15:26.105 32008 11887 D main    : Unknown event
08-24 21:15:26.155 32008 11887 D main    : Unknown event
08-24 21:15:26.206 32008 11887 D main    : Unknown event
08-24 21:15:26.260 32008 11887 D main    : Unknown event
08-24 21:15:26.309 32008 11887 D main    : Unknown event
08-24 21:15:26.360 32008 11887 D main    : Unknown event
08-24 21:15:26.411 32008 11887 D main    : Unknown event
08-24 21:15:26.460 32008 11887 D main    : Unknown event
08-24 21:15:26.518 32008 11887 D main    : Unknown event
08-24 21:15:26.559 32008 11887 D main    : Unknown event
08-24 21:15:26.618 32008 11887 D main    : Unknown event
08-24 21:15:26.660 32008 11887 D main    : Unknown event
08-24 21:15:26.711 32008 11887 D main    : Unknown event
08-24 21:15:26.768 32008 11887 D main    : Unknown event
08-24 21:15:26.818 32008 11887 D main    : Unknown event
08-24 21:15:26.869 32008 11887 D main    : Unknown event
08-24 21:15:26.923 32008 11887 D main    : Unknown event
08-24 21:15:26.972 32008 11887 D main    : Unknown event
08-24 21:15:27.018 32008 11887 D main    : Unknown event
08-24 21:15:27.069 32008 11887 D main    : Unknown event
08-24 21:15:27.117 32008 11887 D main    : Unknown event
08-24 21:15:27.172 32008 11887 D main    : Unknown event
08-24 21:15:27.222 32008 11887 D main    : Unknown event
08-24 21:15:27.274 32008 11887 D main    : Unknown event
08-24 21:15:27.323 32008 11887 D main    : Unknown event
08-24 21:15:27.373 32008 11887 D main    : Unknown event
08-24 21:15:27.426 32008 11887 D main    : Unknown event
08-24 21:15:27.477 32008 11887 D main    : Unknown event
08-24 21:15:27.528 32008 11887 D main    : Unknown event
08-24 21:15:27.573 32008 11887 D main    : Unknown event
08-24 21:15:27.634 32008 11887 D main    : Unknown event
08-24 21:15:27.674 32008 11887 D main    : Unknown event
08-24 21:15:27.735 32008 11887 D main    : Unknown event
08-24 21:15:27.778 32008 11887 D main    : Unknown event
08-24 21:15:27.836 32008 11887 D main    : Unknown event
08-24 21:15:27.887 32008 11887 D main    : Unknown event
08-24 21:15:27.932 32008 11887 D main    : Unknown event
08-24 21:15:28.020 32008 11887 D main    : Pause: 0xb400006fc9a91f10
08-24 21:15:28.021 32008 11887 D main    : activityState=13
08-24 21:15:28.021 32008 11887 D main    : Unknown app cmd: 13
08-24 21:15:28.025 32008 11887 D main    : NativeWindowDestroyed: 0xb400006fc9a91f10 -- 0xb4000070b9aa60a0
08-24 21:15:28.025 32008 11887 D main    : APP_CMD_TERM_WINDOW
08-24 21:15:28.025 32008 11887 D main    : App cmd APP_CMD_TERM_WINDOW
08-24 21:15:28.025 32008 11887 D main    : APP_CMD_TERM_WINDOW
08-24 21:15:28.028 32008 11887 D main    : Stop: 0xb400006fc9a91f10
08-24 21:15:28.032 32008 11887 D main    : activityState=14
08-24 21:15:28.032 32008 11887 D main    : Unknown app cmd: 14
08-24 21:15:28.034 32008 11887 D main    : SaveInstanceState: 0xb400006fc9a91f10
08-24 21:15:28.036 32008 11887 D main    : App cmd APP_CMD_SAVE_STATE
08-24 21:15:28.036 32008 11887 D main    : APP_CMD_SAVE_STATE
08-24 21:15:28.036 32008 11887 D main    : InputQueueDestroyed: 0xb400006fc9a91f10 -- 0xb4000070d9aa1d10
08-24 21:15:28.039 32008 11887 D main    : APP_CMD_INPUT_CHANGED
08-24 21:15:28.039 32008 11887 D main    : Unknown app cmd: 0
08-24 21:15:28.039 32008 11887 D main    : Destroy: 0xb400006fc9a91f10
08-24 21:15:28.044 32008 11887 D main    : APP_CMD_DESTROY
08-24 21:15:28.044 32008 11887 D main    : Unknown app cmd: 15
08-24 21:15:28.241  3651  3651 I GoogleInputMethodService: GoogleInputMethodService.onStartInput():1315 onStartInput(EditorInfo{EditorInfo{packageName=com.qwas.test, inputType=0, inputTypeString=NULL, enableLearning=false, autoCorrection=false, autoComplete=false, imeOptions=0, privateImeOptions=null, actionName=UNSPECIFIED, actionLabel=null, initialSelStart=-1, initialSelEnd=-1, initialCapsMode=0, label=null, fieldId=0, fieldName=null, extras=null, hintText=null, hintLocales=[]}}, true)
08-24 21:15:28.243  1306  4637 W PackageConfigPersister: App-specific configuration not found for packageName: com.qwas.test and userId: 0
08-24 21:15:28.525  1306  2114 W InputDispatcher: Dispatching key to 9648d10 com.qwas.test/android.app.NativeActivity even though there are other unprocessed events
08-24 21:15:29.026  1306  2114 W InputDispatcher: Dispatching key to 9648d10 com.qwas.test/android.app.NativeActivity even though there are other unprocessed events
08-24 21:15:29.528  1306  2114 W InputDispatcher: Dispatching key to 9648d10 com.qwas.test/android.app.NativeActivity even though there are other unprocessed events
08-24 21:15:29.896  1306  1637 I BLASTSyncEngine: Unfinished container: Task{e8d03ed #584 type=standard A=10290:com.qwas.test}
08-24 21:15:29.899  1306  1634 V WindowManager:     info={id=560 t=CHANGE f=0x0 trk=0 r=[0@Point(0, 0)] c=[{WCT{RemoteToken{97f2759 Task{e8d03ed #584 type=standard A=10290:com.qwas.test}}} m=CHANGE f=NONE p=WCT{RemoteToken{38e8951 DefaultTaskDisplayArea@178660067}} leash=Surface(name=Task=584)/@0xd43c25d sb=Rect(0, 0 - 1080, 2340) eb=Rect(0, 0 - 2340, 1080) d=0 r=0->1:0},{WCT{RemoteToken{38e8951 DefaultTaskDisplayArea@178660067}} m=CHANGE f=NONE p=WCT{RemoteToken{fb90ee2 Display{#0 state=ON size=2340x1080 ROTATION_90}}} leash=Surface(name=DefaultTaskDisplayArea)/@0xae8af54 sb=Rect(0, 0 - 1080, 2340) eb=Rect(0, 0 - 2340, 1080) d=0 r=0->1:-1},{WCT{RemoteToken{fb90ee2 Display{#0 state=ON size=2340x1080 ROTATION_90}}} m=CHANGE f=IS_DISPLAY leash=Surface(name=WindowedMagnification:0:31)/@0x9c39d14 sb=Rect(0, 0 - 1080, 2340) eb=Rect(0, 0 - 2340, 1080) d=0 r=0->1:-1}]}
08-24 21:15:30.030  1306  2114 W InputDispatcher: Dispatching key to 9648d10 com.qwas.test/android.app.NativeActivity even though there are other unprocessed events
08-24 21:15:30.531  1306  2114 W InputDispatcher: Dispatching key to 9648d10 com.qwas.test/android.app.NativeActivity even though there are other unprocessed events
08-24 21:15:31.033  1306  2114 W InputDispatcher: Dispatching key to 9648d10 com.qwas.test/android.app.NativeActivity even though there are other unprocessed events
08-24 21:15:31.534  1306  2114 W InputDispatcher: Dispatching key to 9648d10 com.qwas.test/android.app.NativeActivity even though there are other unprocessed events
08-24 21:15:32.036  1306  2114 W InputDispatcher: Dispatching key to 9648d10 com.qwas.test/android.app.NativeActivity even though there are other unprocessed events
08-24 21:15:32.537  1306  2114 W InputDispatcher: Dispatching key to 9648d10 com.qwas.test/android.app.NativeActivity even though there are other unprocessed events
08-24 21:15:32.999  1306  2114 W InputDispatcher: Window 9648d10 com.qwas.test/android.app.NativeActivity (server) is unresponsive: 9648d10 com.qwas.test/android.app.NativeActivity (server) is not responding. Waited 5001ms for KeyEvent
08-24 21:15:32.999  1306  2114 W InputDispatcher: Canceling events for 9648d10 com.qwas.test/android.app.NativeActivity (server) because it is unresponsive
08-24 21:15:33.001  1306  2114 I WindowManager: ANR in Window{9648d10 u0 com.qwas.test/android.app.NativeActivity}. Reason:Input dispatching timed out (9648d10 com.qwas.test/android.app.NativeActivity (server) is not responding. Waited 5001ms for KeyEvent).
08-24 21:15:33.014 32008 11833 I com.qwas.test: Thread[2,tid=11833,WaitingInMainSignalCatcherLoop,Thread*=0xb400007009a986f0,peer=0x13001d70,"Signal Catcher"]: reacting to signal 3
08-24 21:15:33.015 32008 11833 I com.qwas.test: 
08-24 21:15:33.258 32008 11833 I com.qwas.test: Wrote stack traces to tombstoned
